目标 10000 局 (约 15,000,000 个时间步), 启发式基准 66,822 分
  第    25 局 | 近 25 局平均积分    8,240 最高    9,575 | 全程最高    9,575 (启发式 66,822) | 1521 步/秒
  第    50 局 | 近 25 局平均积分    8,303 最高    9,665 | 全程最高    9,665 (启发式 66,822) | 1497 步/秒
  第    75 局 | 近 25 局平均积分    8,326 最高    9,285 | 全程最高    9,665 (启发式 66,822) | 1460 步/秒
  第   100 局 | 近 25 局平均积分    8,311 最高    9,180 | 全程最高    9,665 (启发式 66,822) | 1437 步/秒
  第   125 局 | 近 25 局平均积分    8,383 最高    9,235 | 全程最高    9,665 (启发式 66,822) | 1411 步/秒
  第   150 局 | 近 25 局平均积分    8,596 最高   10,680 | 全程最高   10,680 (启发式 66,822) | 1416 步/秒
  第   175 局 | 近 25 局平均积分    8,451 最高    9,620 | 全程最高   10,680 (启发式 66,822) | 1398 步/秒
  第   200 局 | 近 25 局平均积分    8,516 最高    9,185 | 全程最高   10,680 (启发式 66,822) | 1385 步/秒
  第   225 局 | 近 25 局平均积分    8,731 最高   11,720 | 全程最高   11,720 (启发式 66,822) | 1380 步/秒
  第   250 局 | 近 25 局平均积分    8,902 最高   11,240 | 全程最高   11,720 (启发式 66,822) | 1365 步/秒
  第   275 局 | 近 25 局平均积分    8,957 最高   11,400 | 全程最高   11,720 (启发式 66,822) | 1349 步/秒
  第   300 局 | 近 25 局平均积分    9,010 最高   13,045 | 全程最高   13,045 (启发式 66,822) | 1336 步/秒
  第   325 局 | 近 25 局平均积分    9,477 最高   13,175 | 全程最高   13,175 (启发式 66,822) | 1328 步/秒
  第   350 局 | 近 25 局平均积分    9,693 最高   15,385 | 全程最高   15,385 (启发式 66,822) | 1316 步/秒
  第   375 局 | 近 25 局平均积分   10,202 最高   16,505 | 全程最高   16,505 (启发式 66,822) | 1303 步/秒
  第   400 局 | 近 25 局平均积分    9,244 最高   12,370 | 全程最高   16,505 (启发式 66,822) | 1304 步/秒
  第   425 局 | 近 25 局平均积分    9,892 最高   11,985 | 全程最高   16,505 (启发式 66,822) | 1302 步/秒
  第   450 局 | 近 25 局平均积分   10,605 最高   20,350 | 全程最高   20,350 (启发式 66,822) | 1288 步/秒
  第   475 局 | 近 25 局平均积分   11,186 最高   22,455 | 全程最高   22,455 (启发式 66,822) | 1280 步/秒
  第   500 局 | 近 25 局平均积分   11,075 最高   18,910 | 全程最高   22,455 (启发式 66,822) | 1271 步/秒
  第   525 局 | 近 25 局平均积分   11,496 最高   19,720 | 全程最高   22,455 (启发式 66,822) | 1266 步/秒
  第   550 局 | 近 25 局平均积分   11,257 最高   19,010 | 全程最高   22,455 (启发式 66,822) | 1258 步/秒
  第   575 局 | 近 25 局平均积分   10,953 最高   19,300 | 全程最高   22,455 (启发式 66,822) | 1257 步/秒
  第   600 局 | 近 25 局平均积分   11,054 最高   16,670 | 全程最高   22,455 (启发式 66,822) | 1256 步/秒
  第   625 局 | 近 25 局平均积分   11,156 最高   12,835 | 全程最高   22,455 (启发式 66,822) | 1252 步/秒
  第   650 局 | 近 25 局平均积分   11,403 最高   19,530 | 全程最高   22,455 (启发式 66,822) | 1250 步/秒
  第   675 局 | 近 25 局平均积分   11,150 最高   13,030 | 全程最高   22,455 (启发式 66,822) | 1250 步/秒
  第   700 局 | 近 25 局平均积分   10,925 最高   11,755 | 全程最高   22,455 (启发式 66,822) | 1250 步/秒
  第   725 局 | 近 25 局平均积分   11,249 最高   12,925 | 全程最高   22,455 (启发式 66,822) | 1247 步/秒
  第   750 局 | 近 25 局平均积分   11,756 最高   17,975 | 全程最高   22,455 (启发式 66,822) | 1247 步/秒
  第   775 局 | 近 25 局平均积分   11,129 最高   13,200 | 全程最高   22,455 (启发式 66,822) | 1246 步/秒
  第   800 局 | 近 25 局平均积分   10,949 最高   14,880 | 全程最高   22,455 (启发式 66,822) | 1242 步/秒
  第   825 局 | 近 25 局平均积分   11,168 最高   12,610 | 全程最高   22,455 (启发式 66,822) | 1243 步/秒
  第   850 局 | 近 25 局平均积分   11,413 最高   17,780 | 全程最高   22,455 (启发式 66,822) | 1240 步/秒
  第   875 局 | 近 25 局平均积分   11,538 最高   21,000 | 全程最高   22,455 (启发式 66,822) | 1237 步/秒
  第   900 局 | 近 25 局平均积分   11,162 最高   13,280 | 全程最高   22,455 (启发式 66,822) | 1237 步/秒
  第   925 局 | 近 25 局平均积分   11,055 最高   12,845 | 全程最高   22,455 (启发式 66,822) | 1238 步/秒
  第   950 局 | 近 25 局平均积分   11,456 最高   20,035 | 全程最高   22,455 (启发式 66,822) | 1235 步/秒
  第   975 局 | 近 25 局平均积分   11,822 最高   20,145 | 全程最高   22,455 (启发式 66,822) | 1234 步/秒
  第  1000 局 | 近 25 局平均积分   11,335 最高   12,970 | 全程最高   22,455 (启发式 66,822) | 1234 步/秒
  第  1025 局 | 近 25 局平均积分   11,514 最高   18,995 | 全程最高   22,455 (启发式 66,822) | 1231 步/秒
  第  1050 局 | 近 25 局平均积分   11,355 最高   12,565 | 全程最高   22,455 (启发式 66,822) | 1232 步/秒
  第  1075 局 | 近 25 局平均积分   11,329 最高   12,905 | 全程最高   22,455 (启发式 66,822) | 1232 步/秒
  第  1100 局 | 近 25 局平均积分   11,354 最高   11,960 | 全程最高   22,455 (启发式 66,822) | 1230 步/秒
  第  1125 局 | 近 25 局平均积分   11,218 最高   12,790 | 全程最高   22,455 (启发式 66,822) | 1230 步/秒
  第  1150 局 | 近 25 局平均积分   11,378 最高   13,420 | 全程最高   22,455 (启发式 66,822) | 1229 步/秒
  第  1175 局 | 近 25 局平均积分   11,741 最高   22,650 | 全程最高   22,650 (启发式 66,822) | 1228 步/秒
  第  1200 局 | 近 25 局平均积分   11,043 最高   12,890 | 全程最高   22,650 (启发式 66,822) | 1227 步/秒
  第  1225 局 | 近 25 局平均积分   11,255 最高   11,845 | 全程最高   22,650 (启发式 66,822) | 1228 步/秒
  第  1250 局 | 近 25 局平均积分   11,030 最高   16,355 | 全程最高   22,650 (启发式 66,822) | 1227 步/秒
  第  1275 局 | 近 25 局平均积分   11,085 最高   12,800 | 全程最高   22,650 (启发式 66,822) | 1226 步/秒
  第  1300 局 | 近 25 局平均积分   11,465 最高   13,400 | 全程最高   22,650 (启发式 66,822) | 1226 步/秒
  第  1325 局 | 近 25 局平均积分   11,416 最高   12,835 | 全程最高   22,650 (启发式 66,822) | 1224 步/秒
  第  1350 局 | 近 25 局平均积分   11,391 最高   13,005 | 全程最高   22,650 (启发式 66,822) | 1225 步/秒
  第  1375 局 | 近 25 局平均积分   11,275 最高   12,625 | 全程最高   22,650 (启发式 66,822) | 1225 步/秒
  第  1400 局 | 近 25 局平均积分   11,055 最高   12,530 | 全程最高   22,650 (启发式 66,822) | 1225 步/秒
  第  1425 局 | 近 25 局平均积分   11,310 最高   13,015 | 全程最高   22,650 (启发式 66,822) | 1223 步/秒
  第  1450 局 | 近 25 局平均积分   11,244 最高   12,925 | 全程最高   22,650 (启发式 66,822) | 1223 步/秒
  第  1475 局 | 近 25 局平均积分   11,436 最高   13,195 | 全程最高   22,650 (启发式 66,822) | 1222 步/秒
  第  1500 局 | 近 25 局平均积分   11,583 最高   17,865 | 全程最高   22,650 (启发式 66,822) | 1221 步/秒
  第  1525 局 | 近 25 局平均积分   12,645 最高   20,030 | 全程最高   22,650 (启发式 66,822) | 1218 步/秒
  第  1550 局 | 近 25 局平均积分   11,573 最高   18,955 | 全程最高   22,650 (启发式 66,822) | 1217 步/秒
  第  1575 局 | 近 25 局平均积分   11,649 最高   17,065 | 全程最高   22,650 (启发式 66,822) | 1216 步/秒
  第  1600 局 | 近 25 局平均积分   11,756 最高   22,755 | 全程最高   22,755 (启发式 66,822) | 1215 步/秒
  第  1625 局 | 近 25 局平均积分   11,515 最高   14,145 | 全程最高   22,755 (启发式 66,822) | 1215 步/秒
  第  1650 局 | 近 25 局平均积分   11,226 最高   12,625 | 全程最高   22,755 (启发式 66,822) | 1214 步/秒
  第  1675 局 | 近 25 局平均积分   11,645 最高   13,105 | 全程最高   22,755 (启发式 66,822) | 1214 步/秒
  第  1700 局 | 近 25 局平均积分   12,080 最高   13,225 | 全程最高   22,755 (启发式 66,822) | 1213 步/秒
  第  1725 局 | 近 25 局平均积分   12,424 最高   12,745 | 全程最高   22,755 (启发式 66,822) | 1211 步/秒
  第  1750 局 | 近 25 局平均积分   12,652 最高   14,530 | 全程最高   22,755 (启发式 66,822) | 1210 步/秒
  第  1775 局 | 近 25 局平均积分   12,594 最高   13,390 | 全程最高   22,755 (启发式 66,822) | 1209 步/秒
  第  1800 局 | 近 25 局平均积分   12,913 最高   20,635 | 全程最高   22,755 (启发式 66,822) | 1208 步/秒
  第  1825 局 | 近 25 局平均积分   12,515 最高   13,015 | 全程最高   22,755 (启发式 66,822) | 1206 步/秒
  第  1850 局 | 近 25 局平均积分   12,351 最高   15,495 | 全程最高   22,755 (启发式 66,822) | 1206 步/秒
  第  1875 局 | 近 25 局平均积分   12,059 最高   12,705 | 全程最高   22,755 (启发式 66,822) | 1205 步/秒
  第  1900 局 | 近 25 局平均积分   12,479 最高   15,330 | 全程最高   22,755 (启发式 66,822) | 1203 步/秒
  第  1925 局 | 近 25 局平均积分   12,224 最高   14,315 | 全程最高   22,755 (启发式 66,822) | 1203 步/秒
  第  1950 局 | 近 25 局平均积分   12,470 最高   13,015 | 全程最高   22,755 (启发式 66,822) | 1201 步/秒
  第  1975 局 | 近 25 局平均积分   12,662 最高   14,615 | 全程最高   22,755 (启发式 66,822) | 1201 步/秒
  第  2000 局 | 近 25 局平均积分   12,256 最高   13,895 | 全程最高   22,755 (启发式 66,822) | 1200 步/秒
  第  2025 局 | 近 25 局平均积分   12,517 最高   14,275 | 全程最高   22,755 (启发式 66,822) | 1199 步/秒
  第  2050 局 | 近 25 局平均积分   12,376 最高   13,195 | 全程最高   22,755 (启发式 66,822) | 1199 步/秒
  第  2075 局 | 近 25 局平均积分   12,547 最高   14,265 | 全程最高   22,755 (启发式 66,822) | 1198 步/秒
  第  2100 局 | 近 25 局平均积分   13,340 最高   24,953 | 全程最高   24,953 (启发式 66,822) | 1195 步/秒
  第  2125 局 | 近 25 局平均积分   12,292 最高   15,345 | 全程最高   24,953 (启发式 66,822) | 1195 步/秒
  第  2150 局 | 近 25 局平均积分   12,168 最高   13,095 | 全程最高   24,953 (启发式 66,822) | 1193 步/秒
  第  2175 局 | 近 25 局平均积分   12,521 最高   15,080 | 全程最高   24,953 (启发式 66,822) | 1192 步/秒
  第  2200 局 | 近 25 局平均积分   12,420 最高   19,230 | 全程最高   24,953 (启发式 66,822) | 1191 步/秒
  第  2225 局 | 近 25 局平均积分   12,463 最高   13,060 | 全程最高   24,953 (启发式 66,822) | 1189 步/秒
  第  2250 局 | 近 25 局平均积分   12,403 最高   14,220 | 全程最高   24,953 (启发式 66,822) | 1188 步/秒
  第  2275 局 | 近 25 局平均积分   12,537 最高   14,145 | 全程最高   24,953 (启发式 66,822) | 1187 步/秒
  第  2300 局 | 近 25 局平均积分   12,960 最高   22,060 | 全程最高   24,953 (启发式 66,822) | 1184 步/秒
  第  2325 局 | 近 25 局平均积分   12,377 最高   14,230 | 全程最高   24,953 (启发式 66,822) | 1183 步/秒
  第  2350 局 | 近 25 局平均积分   12,660 最高   18,165 | 全程最高   24,953 (启发式 66,822) | 1182 步/秒
  第  2375 局 | 近 25 局平均积分   12,874 最高   17,805 | 全程最高   24,953 (启发式 66,822) | 1181 步/秒
  第  2400 局 | 近 25 局平均积分   13,123 最高   20,695 | 全程最高   24,953 (启发式 66,822) | 1180 步/秒
  第  2425 局 | 近 25 局平均积分   12,638 最高   14,195 | 全程最高   24,953 (启发式 66,822) | 1179 步/秒
  第  2450 局 | 近 25 局平均积分   12,976 最高   19,865 | 全程最高   24,953 (启发式 66,822) | 1177 步/秒
  第  2475 局 | 近 25 局平均积分   13,343 最高   22,700 | 全程最高   24,953 (启发式 66,822) | 1176 步/秒
  第  2500 局 | 近 25 局平均积分   12,800 最高   19,340 | 全程最高   24,953 (启发式 66,822) | 1175 步/秒
  第  2525 局 | 近 25 局平均积分   12,843 最高   20,870 | 全程最高   24,953 (启发式 66,822) | 1174 步/秒
  第  2550 局 | 近 25 局平均积分   13,592 最高   23,150 | 全程最高   24,953 (启发式 66,822) | 1172 步/秒
  第  2575 局 | 近 25 局平均积分   12,726 最高   16,865 | 全程最高   24,953 (启发式 66,822) | 1171 步/秒
  第  2600 局 | 近 25 局平均积分   13,208 最高   22,135 | 全程最高   24,953 (启发式 66,822) | 1170 步/秒
  第  2625 局 | 近 25 局平均积分   12,698 最高   18,159 | 全程最高   24,953 (启发式 66,822) | 1170 步/秒
  第  2650 局 | 近 25 局平均积分   12,769 最高   15,265 | 全程最高   24,953 (启发式 66,822) | 1169 步/秒
  第  2675 局 | 近 25 局平均积分   13,153 最高   18,940 | 全程最高   24,953 (启发式 66,822) | 1168 步/秒
  第  2700 局 | 近 25 局平均积分   12,543 最高   13,970 | 全程最高   24,953 (启发式 66,822) | 1165 步/秒
  第  2725 局 | 近 25 局平均积分   12,922 最高   20,857 | 全程最高   24,953 (启发式 66,822) | 1164 步/秒
  第  2750 局 | 近 25 局平均积分   13,462 最高   19,405 | 全程最高   24,953 (启发式 66,822) | 1163 步/秒
  第  2775 局 | 近 25 局平均积分   13,603 最高   20,804 | 全程最高   24,953 (启发式 66,822) | 1162 步/秒
  第  2800 局 | 近 25 局平均积分   13,163 最高   19,239 | 全程最高   24,953 (启发式 66,822) | 1161 步/秒
  第  2825 局 | 近 25 局平均积分   13,235 最高   18,830 | 全程最高   24,953 (启发式 66,822) | 1160 步/秒
  第  2850 局 | 近 25 局平均积分   13,290 最高   21,070 | 全程最高   24,953 (启发式 66,822) | 1159 步/秒
  第  2875 局 | 近 25 局平均积分   12,667 最高   14,790 | 全程最高   24,953 (启发式 66,822) | 1159 步/秒
  第  2900 局 | 近 25 局平均积分   12,811 最高   15,345 | 全程最高   24,953 (启发式 66,822) | 1158 步/秒
  第  2925 局 | 近 25 局平均积分   12,851 最高   16,200 | 全程最高   24,953 (启发式 66,822) | 1158 步/秒
  第  2950 局 | 近 25 局平均积分   13,141 最高   19,061 | 全程最高   24,953 (启发式 66,822) | 1157 步/秒
  第  2975 局 | 近 25 局平均积分   13,384 最高   21,779 | 全程最高   24,953 (启发式 66,822) | 1157 步/秒
  第  3000 局 | 近 25 局平均积分   12,645 最高   14,325 | 全程最高   24,953 (启发式 66,822) | 1156 步/秒
  第  3025 局 | 近 25 局平均积分   12,635 最高   14,410 | 全程最高   24,953 (启发式 66,822) | 1156 步/秒
  第  3050 局 | 近 25 局平均积分   12,873 最高   15,365 | 全程最高   24,953 (启发式 66,822) | 1156 步/秒
  第  3075 局 | 近 25 局平均积分   12,896 最高   14,875 | 全程最高   24,953 (启发式 66,822) | 1156 步/秒
  第  3100 局 | 近 25 局平均积分   12,819 最高   15,615 | 全程最高   24,953 (启发式 66,822) | 1155 步/秒
  第  3125 局 | 近 25 局平均积分   12,989 最高   15,360 | 全程最高   24,953 (启发式 66,822) | 1155 步/秒
  第  3150 局 | 近 25 局平均积分   12,654 最高   13,890 | 全程最高   24,953 (启发式 66,822) | 1155 步/秒
  第  3175 局 | 近 25 局平均积分   13,251 最高   20,385 | 全程最高   24,953 (启发式 66,822) | 1154 步/秒
  第  3200 局 | 近 25 局平均积分   14,038 最高   23,435 | 全程最高   24,953 (启发式 66,822) | 1154 步/秒
  第  3225 局 | 近 25 局平均积分   13,575 最高   20,300 | 全程最高   24,953 (启发式 66,822) | 1153 步/秒
  第  3250 局 | 近 25 局平均积分   13,020 最高   15,880 | 全程最高   24,953 (启发式 66,822) | 1152 步/秒
  第  3275 局 | 近 25 局平均积分   12,978 最高   16,245 | 全程最高   24,953 (启发式 66,822) | 1152 步/秒
  第  3300 局 | 近 25 局平均积分   12,824 最高   15,894 | 全程最高   24,953 (启发式 66,822) | 1152 步/秒
  第  3325 局 | 近 25 局平均积分   13,072 最高   16,630 | 全程最高   24,953 (启发式 66,822) | 1152 步/秒
  第  3350 局 | 近 25 局平均积分   12,876 最高   15,120 | 全程最高   24,953 (启发式 66,822) | 1151 步/秒
  第  3375 局 | 近 25 局平均积分   12,857 最高   15,000 | 全程最高   24,953 (启发式 66,822) | 1151 步/秒
  第  3400 局 | 近 25 局平均积分   12,790 最高   15,125 | 全程最高   24,953 (启发式 66,822) | 1151 步/秒
  第  3425 局 | 近 25 局平均积分   12,925 最高   15,040 | 全程最高   24,953 (启发式 66,822) | 1150 步/秒
  第  3450 局 | 近 25 局平均积分   12,944 最高   18,970 | 全程最高   24,953 (启发式 66,822) | 1150 步/秒
  第  3475 局 | 近 25 局平均积分   13,362 最高   20,680 | 全程最高   24,953 (启发式 66,822) | 1149 步/秒
  第  3500 局 | 近 25 局平均积分   13,016 最高   14,725 | 全程最高   24,953 (启发式 66,822) | 1149 步/秒
  第  3525 局 | 近 25 局平均积分   13,189 最高   16,180 | 全程最高   24,953 (启发式 66,822) | 1149 步/秒
  第  3550 局 | 近 25 局平均积分   13,219 最高   19,530 | 全程最高   24,953 (启发式 66,822) | 1149 步/秒
  第  3575 局 | 近 25 局平均积分   12,998 最高   15,530 | 全程最高   24,953 (启发式 66,822) | 1148 步/秒
  第  3600 局 | 近 25 局平均积分   12,588 最高   15,335 | 全程最高   24,953 (启发式 66,822) | 1148 步/秒
  第  3625 局 | 近 25 局平均积分   13,445 最高   27,424 | 全程最高   27,424 (启发式 66,822) | 1147 步/秒
  第  3650 局 | 近 25 局平均积分   13,239 最高   15,320 | 全程最高   27,424 (启发式 66,822) | 1148 步/秒
  第  3675 局 | 近 25 局平均积分   13,320 最高   15,440 | 全程最高   27,424 (启发式 66,822) | 1147 步/秒
  第  3700 局 | 近 25 局平均积分   13,562 最高   15,485 | 全程最高   27,424 (启发式 66,822) | 1146 步/秒
  第  3725 局 | 近 25 局平均积分   13,327 最高   15,485 | 全程最高   27,424 (启发式 66,822) | 1146 步/秒
  第  3750 局 | 近 25 局平均积分   13,372 最高   15,450 | 全程最高   27,424 (启发式 66,822) | 1145 步/秒
  第  3775 局 | 近 25 局平均积分   13,549 最高   18,300 | 全程最高   27,424 (启发式 66,822) | 1145 步/秒
  第  3800 局 | 近 25 局平均积分   13,032 最高   15,645 | 全程最高   27,424 (启发式 66,822) | 1144 步/秒
  第  3825 局 | 近 25 局平均积分   13,437 最高   15,800 | 全程最高   27,424 (启发式 66,822) | 1144 步/秒
  第  3850 局 | 近 25 局平均积分   13,593 最高   17,765 | 全程最高   27,424 (启发式 66,822) | 1144 步/秒
  第  3875 局 | 近 25 局平均积分   13,763 最高   21,305 | 全程最高   27,424 (启发式 66,822) | 1142 步/秒
  第  3900 局 | 近 25 局平均积分   13,134 最高   16,280 | 全程最高   27,424 (启发式 66,822) | 1142 步/秒
  第  3925 局 | 近 25 局平均积分   13,699 最高   18,037 | 全程最高   27,424 (启发式 66,822) | 1141 步/秒
  第  3950 局 | 近 25 局平均积分   13,631 最高   17,043 | 全程最高   27,424 (启发式 66,822) | 1140 步/秒
  第  3975 局 | 近 25 局平均积分   14,231 最高   21,270 | 全程最高   27,424 (启发式 66,822) | 1139 步/秒
  第  4000 局 | 近 25 局平均积分   13,817 最高   19,294 | 全程最高   27,424 (启发式 66,822) | 1138 步/秒
  第  4025 局 | 近 25 局平均积分   13,735 最高   19,031 | 全程最高   27,424 (启发式 66,822) | 1137 步/秒
  第  4050 局 | 近 25 局平均积分   13,542 最高   17,270 | 全程最高   27,424 (启发式 66,822) | 1136 步/秒
  第  4075 局 | 近 25 局平均积分   13,508 最高   17,414 | 全程最高   27,424 (启发式 66,822) | 1136 步/秒
  第  4100 局 | 近 25 局平均积分   14,737 最高   24,491 | 全程最高   27,424 (启发式 66,822) | 1134 步/秒
  第  4125 局 | 近 25 局平均积分   14,292 最高   25,938 | 全程最高   27,424 (启发式 66,822) | 1133 步/秒
  第  4150 局 | 近 25 局平均积分   15,610 最高   23,604 | 全程最高   27,424 (启发式 66,822) | 1131 步/秒
  第  4175 局 | 近 25 局平均积分   14,017 最高   23,082 | 全程最高   27,424 (启发式 66,822) | 1130 步/秒
  第  4200 局 | 近 25 局平均积分   13,816 最高   17,640 | 全程最高   27,424 (启发式 66,822) | 1129 步/秒
  第  4225 局 | 近 25 局平均积分   14,625 最高   27,370 | 全程最高   27,424 (启发式 66,822) | 1128 步/秒
  第  4250 局 | 近 25 局平均积分   14,935 最高   22,828 | 全程最高   27,424 (启发式 66,822) | 1127 步/秒
  第  4275 局 | 近 25 局平均积分   14,965 最高   24,008 | 全程最高   27,424 (启发式 66,822) | 1127 步/秒
  第  4300 局 | 近 25 局平均积分   14,529 最高   25,056 | 全程最高   27,424 (启发式 66,822) | 1126 步/秒
  第  4325 局 | 近 25 局平均积分   14,822 最高   21,310 | 全程最高   27,424 (启发式 66,822) | 1125 步/秒
  第  4350 局 | 近 25 局平均积分   14,960 最高   30,722 | 全程最高   30,722 (启发式 66,822) | 1125 步/秒
  第  4375 局 | 近 25 局平均积分   14,800 最高   27,257 | 全程最高   30,722 (启发式 66,822) | 1124 步/秒
  第  4400 局 | 近 25 局平均积分   16,190 最高   24,230 | 全程最高   30,722 (启发式 66,822) | 1123 步/秒
  第  4425 局 | 近 25 局平均积分   15,801 最高   30,855 | 全程最高   30,855 (启发式 66,822) | 1122 步/秒
  第  4450 局 | 近 25 局平均积分   15,578 最高   23,115 | 全程最高   30,855 (启发式 66,822) | 1121 步/秒
  第  4475 局 | 近 25 局平均积分   15,102 最高   23,009 | 全程最高   30,855 (启发式 66,822) | 1120 步/秒
  第  4500 局 | 近 25 局平均积分   16,371 最高   26,140 | 全程最高   30,855 (启发式 66,822) | 1119 步/秒
  第  4525 局 | 近 25 局平均积分   16,142 最高   27,885 | 全程最高   30,855 (启发式 66,822) | 1118 步/秒
  第  4550 局 | 近 25 局平均积分   17,095 最高   29,490 | 全程最高   30,855 (启发式 66,822) | 1117 步/秒
  第  4575 局 | 近 25 局平均积分   17,097 最高   28,350 | 全程最高   30,855 (启发式 66,822) | 1116 步/秒
  第  4600 局 | 近 25 局平均积分   17,139 最高   26,170 | 全程最高   30,855 (启发式 66,822) | 1113 步/秒
  第  4625 局 | 近 25 局平均积分   17,981 最高   27,377 | 全程最高   30,855 (启发式 66,822) | 1110 步/秒
  第  4650 局 | 近 25 局平均积分   19,507 最高   26,780 | 全程最高   30,855 (启发式 66,822) | 1109 步/秒
  第  4675 局 | 近 25 局平均积分   18,642 最高   24,305 | 全程最高   30,855 (启发式 66,822) | 1107 步/秒
  第  4700 局 | 近 25 局平均积分   18,092 最高   24,915 | 全程最高   30,855 (启发式 66,822) | 1105 步/秒
  第  4725 局 | 近 25 局平均积分   17,838 最高   25,323 | 全程最高   30,855 (启发式 66,822) | 1104 步/秒
  第  4750 局 | 近 25 局平均积分   19,015 最高   25,455 | 全程最高   30,855 (启发式 66,822) | 1102 步/秒
  第  4775 局 | 近 25 局平均积分   18,865 最高   24,595 | 全程最高   30,855 (启发式 66,822) | 1101 步/秒
  第  4800 局 | 近 25 局平均积分   18,501 最高   28,975 | 全程最高   30,855 (启发式 66,822) | 1099 步/秒
  第  4825 局 | 近 25 局平均积分   19,631 最高   29,010 | 全程最高   30,855 (启发式 66,822) | 1098 步/秒
  第  4850 局 | 近 25 局平均积分   19,855 最高   31,860 | 全程最高   31,860 (启发式 66,822) | 1096 步/秒
  第  4875 局 | 近 25 局平均积分   21,568 最高   30,040 | 全程最高   31,860 (启发式 66,822) | 1094 步/秒
  第  4900 局 | 近 25 局平均积分   19,834 最高   30,385 | 全程最高   31,860 (启发式 66,822) | 1093 步/秒
  第  4925 局 | 近 25 局平均积分   20,092 最高   29,880 | 全程最高   31,860 (启发式 66,822) | 1090 步/秒
  第  4950 局 | 近 25 局平均积分   22,344 最高   33,105 | 全程最高   33,105 (启发式 66,822) | 1088 步/秒
  第  4975 局 | 近 25 局平均积分   21,118 最高   30,292 | 全程最高   33,105 (启发式 66,822) | 1087 步/秒
  第  5000 局 | 近 25 局平均积分   23,928 最高   32,081 | 全程最高   33,105 (启发式 66,822) | 1085 步/秒
  第  5025 局 | 近 25 局平均积分   23,173 最高   34,239 | 全程最高   34,239 (启发式 66,822) | 1083 步/秒
  第  5050 局 | 近 25 局平均积分   22,069 最高   31,122 | 全程最高   34,239 (启发式 66,822) | 1081 步/秒
  第  5075 局 | 近 25 局平均积分   22,541 最高   32,917 | 全程最高   34,239 (启发式 66,822) | 1079 步/秒
  第  5100 局 | 近 25 局平均积分   24,930 最高   33,478 | 全程最高   34,239 (启发式 66,822) | 1076 步/秒
  第  5125 局 | 近 25 局平均积分   25,625 最高   32,617 | 全程最高   34,239 (启发式 66,822) | 1072 步/秒
  第  5150 局 | 近 25 局平均积分   18,363 最高   30,482 | 全程最高   34,239 (启发式 66,822) | 1069 步/秒
  第  5175 局 | 近 25 局平均积分   14,537 最高   23,767 | 全程最高   34,239 (启发式 66,822) | 1069 步/秒
  第  5200 局 | 近 25 局平均积分   19,621 最高   29,887 | 全程最高   34,239 (启发式 66,822) | 1067 步/秒
  第  5225 局 | 近 25 局平均积分   23,567 最高   31,737 | 全程最高   34,239 (启发式 66,822) | 1065 步/秒
  第  5250 局 | 近 25 局平均积分   23,621 最高   31,777 | 全程最高   34,239 (启发式 66,822) | 1064 步/秒
  第  5275 局 | 近 25 局平均积分   23,697 最高   29,602 | 全程最高   34,239 (启发式 66,822) | 1063 步/秒
  第  5300 局 | 近 25 局平均积分   23,136 最高   31,682 | 全程最高   34,239 (启发式 66,822) | 1061 步/秒
  第  5325 局 | 近 25 局平均积分   21,873 最高   29,670 | 全程最高   34,239 (启发式 66,822) | 1060 步/秒
  第  5350 局 | 近 25 局平均积分   20,281 最高   30,752 | 全程最高   34,239 (启发式 66,822) | 1059 步/秒
  第  5375 局 | 近 25 局平均积分   21,544 最高   27,692 | 全程最高   34,239 (启发式 66,822) | 1058 步/秒
  第  5400 局 | 近 25 局平均积分   21,044 最高   32,262 | 全程最高   34,239 (启发式 66,822) | 1057 步/秒
  第  5425 局 | 近 25 局平均积分   22,112 最高   34,712 | 全程最高   34,712 (启发式 66,822) | 1056 步/秒
  第  5450 局 | 近 25 局平均积分   22,166 最高   33,477 | 全程最高   34,712 (启发式 66,822) | 1055 步/秒
  第  5475 局 | 近 25 局平均积分   21,608 最高   32,607 | 全程最高   34,712 (启发式 66,822) | 1054 步/秒
  第  5500 局 | 近 25 局平均积分   22,128 最高   32,732 | 全程最高   34,712 (启发式 66,822) | 1053 步/秒
  第  5525 局 | 近 25 局平均积分   21,435 最高   31,422 | 全程最高   34,712 (启发式 66,822) | 1052 步/秒
  第  5550 局 | 近 25 局平均积分   21,708 最高   32,127 | 全程最高   34,712 (启发式 66,822) | 1051 步/秒
  第  5575 局 | 近 25 局平均积分   22,478 最高   29,503 | 全程最高   34,712 (启发式 66,822) | 1050 步/秒
  第  5600 局 | 近 25 局平均积分   22,445 最高   32,902 | 全程最高   34,712 (启发式 66,822) | 1048 步/秒
  第  5625 局 | 近 25 局平均积分   21,044 最高   28,272 | 全程最高   34,712 (启发式 66,822) | 1047 步/秒
  第  5650 局 | 近 25 局平均积分   22,514 最高   33,632 | 全程最高   34,712 (启发式 66,822) | 1045 步/秒
  第  5675 局 | 近 25 局平均积分   22,162 最高   28,652 | 全程最高   34,712 (启发式 66,822) | 1044 步/秒
  第  5700 局 | 近 25 局平均积分   22,389 最高   34,112 | 全程最高   34,712 (启发式 66,822) | 1043 步/秒
  第  5725 局 | 近 25 局平均积分   22,368 最高   34,062 | 全程最高   34,712 (启发式 66,822) | 1042 步/秒
  第  5750 局 | 近 25 局平均积分   21,910 最高   29,085 | 全程最高   34,712 (启发式 66,822) | 1041 步/秒
  第  5775 局 | 近 25 局平均积分   22,244 最高   32,900 | 全程最高   34,712 (启发式 66,822) | 1040 步/秒
  第  5800 局 | 近 25 局平均积分   22,354 最高   31,887 | 全程最高   34,712 (启发式 66,822) | 1040 步/秒
  第  5825 局 | 近 25 局平均积分   21,600 最高   28,267 | 全程最高   34,712 (启发式 66,822) | 1039 步/秒
  第  5850 局 | 近 25 局平均积分   19,461 最高   27,751 | 全程最高   34,712 (启发式 66,822) | 1039 步/秒
  第  5875 局 | 近 25 局平均积分   21,987 最高   28,477 | 全程最高   34,712 (启发式 66,822) | 1038 步/秒
  第  5900 局 | 近 25 局平均积分   22,774 最高   31,112 | 全程最高   34,712 (启发式 66,822) | 1037 步/秒
  第  5925 局 | 近 25 局平均积分   20,545 最高   26,297 | 全程最高   34,712 (启发式 66,822) | 1036 步/秒
  第  5950 局 | 近 25 局平均积分   23,231 最高   29,082 | 全程最高   34,712 (启发式 66,822) | 1035 步/秒
  第  5975 局 | 近 25 局平均积分   25,692 最高   32,702 | 全程最高   34,712 (启发式 66,822) | 1034 步/秒
  第  6000 局 | 近 25 局平均积分   23,808 最高   31,292 | 全程最高   34,712 (启发式 66,822) | 1032 步/秒
  第  6025 局 | 近 25 局平均积分   23,869 最高   30,091 | 全程最高   34,712 (启发式 66,822) | 1031 步/秒
  第  6050 局 | 近 25 局平均积分   24,731 最高   32,197 | 全程最高   34,712 (启发式 66,822) | 1030 步/秒
  第  6075 局 | 近 25 局平均积分   25,448 最高   31,727 | 全程最高   34,712 (启发式 66,822) | 1028 步/秒
  第  6100 局 | 近 25 局平均积分   24,243 最高   32,717 | 全程最高   34,712 (启发式 66,822) | 1028 步/秒
  第  6125 局 | 近 25 局平均积分   23,738 最高   33,597 | 全程最高   34,712 (启发式 66,822) | 1027 步/秒
  第  6150 局 | 近 25 局平均积分   25,281 最高   31,783 | 全程最高   34,712 (启发式 66,822) | 1026 步/秒
  第  6175 局 | 近 25 局平均积分   25,905 最高   34,632 | 全程最高   34,712 (启发式 66,822) | 1025 步/秒
  第  6200 局 | 近 25 局平均积分   25,724 最高   32,407 | 全程最高   34,712 (启发式 66,822) | 1024 步/秒
  第  6225 局 | 近 25 局平均积分   24,588 最高   29,432 | 全程最高   34,712 (启发式 66,822) | 1023 步/秒
  第  6250 局 | 近 25 局平均积分   23,986 最高   30,142 | 全程最高   34,712 (启发式 66,822) | 1022 步/秒
  第  6275 局 | 近 25 局平均积分   23,248 最高   28,982 | 全程最高   34,712 (启发式 66,822) | 1021 步/秒
  第  6300 局 | 近 25 局平均积分   24,980 最高   28,807 | 全程最高   34,712 (启发式 66,822) | 1020 步/秒
  第  6325 局 | 近 25 局平均积分   25,513 最高   34,257 | 全程最高   34,712 (启发式 66,822) | 1019 步/秒
  第  6350 局 | 近 25 局平均积分   24,751 最高   29,272 | 全程最高   34,712 (启发式 66,822) | 1019 步/秒
  第  6375 局 | 近 25 局平均积分   25,753 最高   29,727 | 全程最高   34,712 (启发式 66,822) | 1018 步/秒
  第  6400 局 | 近 25 局平均积分   25,683 最高   31,732 | 全程最高   34,712 (启发式 66,822) | 1017 步/秒
  第  6425 局 | 近 25 局平均积分   27,322 最高   34,392 | 全程最高   34,712 (启发式 66,822) | 1015 步/秒
  第  6450 局 | 近 25 局平均积分   26,679 最高   31,887 | 全程最高   34,712 (启发式 66,822) | 1014 步/秒
  第  6475 局 | 近 25 局平均积分   24,750 最高   32,257 | 全程最高   34,712 (启发式 66,822) | 1013 步/秒
  第  6500 局 | 近 25 局平均积分   24,267 最高   29,852 | 全程最高   34,712 (启发式 66,822) | 1013 步/秒
  第  6525 局 | 近 25 局平均积分   26,492 最高   30,537 | 全程最高   34,712 (启发式 66,822) | 1012 步/秒
  第  6550 局 | 近 25 局平均积分   22,815 最高   30,932 | 全程最高   34,712 (启发式 66,822) | 1011 步/秒
  第  6575 局 | 近 25 局平均积分   22,812 最高   30,052 | 全程最高   34,712 (启发式 66,822) | 1011 步/秒
  第  6600 局 | 近 25 局平均积分   24,147 最高   30,822 | 全程最高   34,712 (启发式 66,822) | 1010 步/秒
  第  6625 局 | 近 25 局平均积分   21,690 最高   28,622 | 全程最高   34,712 (启发式 66,822) | 1010 步/秒
  第  6650 局 | 近 25 局平均积分   25,240 最高   33,917 | 全程最高   34,712 (启发式 66,822) | 1009 步/秒
  第  6675 局 | 近 25 局平均积分   25,863 最高   30,032 | 全程最高   34,712 (启发式 66,822) | 1008 步/秒
  第  6700 局 | 近 25 局平均积分   27,117 最高   32,767 | 全程最高   34,712 (启发式 66,822) | 1007 步/秒
  第  6725 局 | 近 25 局平均积分   24,586 最高   33,707 | 全程最高   34,712 (启发式 66,822) | 1006 步/秒
  第  6750 局 | 近 25 局平均积分   26,713 最高   34,672 | 全程最高   34,712 (启发式 66,822) | 1005 步/秒
  第  6775 局 | 近 25 局平均积分   26,686 最高   35,217 | 全程最高   35,217 (启发式 66,822) | 1003 步/秒
  第  6800 局 | 近 25 局平均积分   25,341 最高   32,882 | 全程最高   35,217 (启发式 66,822) | 1002 步/秒
  第  6825 局 | 近 25 局平均积分   26,263 最高   30,182 | 全程最高   35,217 (启发式 66,822) | 1001 步/秒
  第  6850 局 | 近 25 局平均积分   25,803 最高   32,382 | 全程最高   35,217 (启发式 66,822) | 1000 步/秒
  第  6875 局 | 近 25 局平均积分   26,952 最高   34,757 | 全程最高   35,217 (启发式 66,822) | 999 步/秒
  第  6900 局 | 近 25 局平均积分   25,272 最高   30,022 | 全程最高   35,217 (启发式 66,822) | 998 步/秒
  第  6925 局 | 近 25 局平均积分   25,002 最高   30,392 | 全程最高   35,217 (启发式 66,822) | 998 步/秒
  第  6950 局 | 近 25 局平均积分   23,925 最高   31,517 | 全程最高   35,217 (启发式 66,822) | 997 步/秒
  第  6975 局 | 近 25 局平均积分   25,315 最高   28,272 | 全程最高   35,217 (启发式 66,822) | 996 步/秒
  第  7000 局 | 近 25 局平均积分   27,214 最高   35,077 | 全程最高   35,217 (启发式 66,822) | 992 步/秒
  第  7025 局 | 近 25 局平均积分   26,335 最高   32,287 | 全程最高   35,217 (启发式 66,822) | 991 步/秒
  第  7050 局 | 近 25 局平均积分   24,054 最高   30,142 | 全程最高   35,217 (启发式 66,822) | 991 步/秒
  第  7075 局 | 近 25 局平均积分   25,058 最高   29,712 | 全程最高   35,217 (启发式 66,822) | 990 步/秒
  第  7100 局 | 近 25 局平均积分   24,111 最高   31,297 | 全程最高   35,217 (启发式 66,822) | 987 步/秒
  第  7125 局 | 近 25 局平均积分   25,416 最高   32,592 | 全程最高   35,217 (启发式 66,822) | 985 步/秒
  第  7150 局 | 近 25 局平均积分   25,887 最高   33,247 | 全程最高   35,217 (启发式 66,822) | 984 步/秒
  第  7175 局 | 近 25 局平均积分   25,538 最高   33,857 | 全程最高   35,217 (启发式 66,822) | 981 步/秒
  第  7200 局 | 近 25 局平均积分   25,514 最高   35,337 | 全程最高   35,337 (启发式 66,822) | 980 步/秒
  第  7225 局 | 近 25 局平均积分   25,203 最高   32,647 | 全程最高   35,337 (启发式 66,822) | 979 步/秒
  第  7250 局 | 近 25 局平均积分   27,186 最高   33,337 | 全程最高   35,337 (启发式 66,822) | 978 步/秒
  第  7275 局 | 近 25 局平均积分   27,120 最高   32,852 | 全程最高   35,337 (启发式 66,822) | 977 步/秒
  第  7300 局 | 近 25 局平均积分   26,645 最高   33,747 | 全程最高   35,337 (启发式 66,822) | 977 步/秒
  第  7325 局 | 近 25 局平均积分   25,645 最高   30,727 | 全程最高   35,337 (启发式 66,822) | 976 步/秒
  第  7350 局 | 近 25 局平均积分   26,313 最高   32,167 | 全程最高   35,337 (启发式 66,822) | 975 步/秒
  第  7375 局 | 近 25 局平均积分   26,439 最高   32,037 | 全程最高   35,337 (启发式 66,822) | 974 步/秒
  第  7400 局 | 近 25 局平均积分   26,320 最高   32,842 | 全程最高   35,337 (启发式 66,822) | 973 步/秒
  第  7425 局 | 近 25 局平均积分   24,372 最高   32,807 | 全程最高   35,337 (启发式 66,822) | 970 步/秒
  第  7450 局 | 近 25 局平均积分   26,411 最高   32,647 | 全程最高   35,337 (启发式 66,822) | 969 步/秒
  第  7475 局 | 近 25 局平均积分   26,196 最高   30,992 | 全程最高   35,337 (启发式 66,822) | 969 步/秒
  第  7500 局 | 近 25 局平均积分   26,969 最高   33,392 | 全程最高   35,337 (启发式 66,822) | 968 步/秒
  第  7525 局 | 近 25 局平均积分   26,475 最高   30,127 | 全程最高   35,337 (启发式 66,822) | 967 步/秒
  第  7550 局 | 近 25 局平均积分   26,299 最高   33,927 | 全程最高   35,337 (启发式 66,822) | 966 步/秒
  第  7575 局 | 近 25 局平均积分   26,634 最高   32,982 | 全程最高   35,337 (启发式 66,822) | 965 步/秒
  第  7600 局 | 近 25 局平均积分   26,803 最高   32,267 | 全程最高   35,337 (启发式 66,822) | 965 步/秒
  第  7625 局 | 近 25 局平均积分   25,798 最高   32,292 | 全程最高   35,337 (启发式 66,822) | 964 步/秒
  第  7650 局 | 近 25 局平均积分   27,613 最高   32,342 | 全程最高   35,337 (启发式 66,822) | 964 步/秒
  第  7675 局 | 近 25 局平均积分   25,769 最高   31,342 | 全程最高   35,337 (启发式 66,822) | 963 步/秒
  第  7700 局 | 近 25 局平均积分   27,062 最高   32,917 | 全程最高   35,337 (启发式 66,822) | 962 步/秒
  第  7725 局 | 近 25 局平均积分   27,468 最高   33,177 | 全程最高   35,337 (启发式 66,822) | 961 步/秒
  第  7750 局 | 近 25 局平均积分   26,441 最高   29,337 | 全程最高   35,337 (启发式 66,822) | 960 步/秒
  第  7775 局 | 近 25 局平均积分   26,018 最高   33,577 | 全程最高   35,337 (启发式 66,822) | 960 步/秒
  第  7800 局 | 近 25 局平均积分   26,288 最高   33,122 | 全程最高   35,337 (启发式 66,822) | 960 步/秒
  第  7825 局 | 近 25 局平均积分   25,788 最高   32,512 | 全程最高   35,337 (启发式 66,822) | 959 步/秒
  第  7850 局 | 近 25 局平均积分   27,743 最高   31,797 | 全程最高   35,337 (启发式 66,822) | 959 步/秒
  第  7875 局 | 近 25 局平均积分   25,245 最高   33,597 | 全程最高   35,337 (启发式 66,822) | 959 步/秒
  第  7900 局 | 近 25 局平均积分   27,282 最高   32,757 | 全程最高   35,337 (启发式 66,822) | 958 步/秒
  第  7925 局 | 近 25 局平均积分   25,561 最高   33,742 | 全程最高   35,337 (启发式 66,822) | 958 步/秒
  第  7950 局 | 近 25 局平均积分   25,685 最高   33,132 | 全程最高   35,337 (启发式 66,822) | 958 步/秒
  第  7975 局 | 近 25 局平均积分   24,805 最高   29,227 | 全程最高   35,337 (启发式 66,822) | 957 步/秒
  第  8000 局 | 近 25 局平均积分   25,093 最高   32,407 | 全程最高   35,337 (启发式 66,822) | 957 步/秒
  第  8025 局 | 近 25 局平均积分   25,880 最高   30,667 | 全程最高   35,337 (启发式 66,822) | 957 步/秒
  第  8050 局 | 近 25 局平均积分   24,835 最高   31,202 | 全程最高   35,337 (启发式 66,822) | 956 步/秒
  第  8075 局 | 近 25 局平均积分   26,095 最高   31,942 | 全程最高   35,337 (启发式 66,822) | 956 步/秒
  第  8100 局 | 近 25 局平均积分   25,382 最高   30,957 | 全程最高   35,337 (启发式 66,822) | 956 步/秒
  第  8125 局 | 近 25 局平均积分   26,177 最高   31,000 | 全程最高   35,337 (启发式 66,822) | 955 步/秒
  第  8150 局 | 近 25 局平均积分   26,277 最高   33,082 | 全程最高   35,337 (启发式 66,822) | 954 步/秒
  第  8175 局 | 近 25 局平均积分   26,363 最高   30,832 | 全程最高   35,337 (启发式 66,822) | 953 步/秒
  第  8200 局 | 近 25 局平均积分   26,020 最高   31,517 | 全程最高   35,337 (启发式 66,822) | 953 步/秒
  第  8225 局 | 近 25 局平均积分   26,019 最高   31,077 | 全程最高   35,337 (启发式 66,822) | 952 步/秒
  第  8250 局 | 近 25 局平均积分   26,400 最高   30,897 | 全程最高   35,337 (启发式 66,822) | 951 步/秒
  第  8275 局 | 近 25 局平均积分   25,993 最高   32,692 | 全程最高   35,337 (启发式 66,822) | 951 步/秒
  第  8300 局 | 近 25 局平均积分   27,093 最高   31,797 | 全程最高   35,337 (启发式 66,822) | 950 步/秒
  第  8325 局 | 近 25 局平均积分   25,712 最高   30,902 | 全程最高   35,337 (启发式 66,822) | 950 步/秒
  第  8350 局 | 近 25 局平均积分   24,644 最高   28,422 | 全程最高   35,337 (启发式 66,822) | 949 步/秒
  第  8375 局 | 近 25 局平均积分   24,461 最高   30,627 | 全程最高   35,337 (启发式 66,822) | 949 步/秒
  第  8400 局 | 近 25 局平均积分   24,440 最高   31,112 | 全程最高   35,337 (启发式 66,822) | 948 步/秒
  第  8425 局 | 近 25 局平均积分   24,191 最高   31,162 | 全程最高   35,337 (启发式 66,822) | 948 步/秒
  第  8450 局 | 近 25 局平均积分   24,617 最高   26,498 | 全程最高   35,337 (启发式 66,822) | 948 步/秒
  第  8475 局 | 近 25 局平均积分   25,416 最高   28,387 | 全程最高   35,337 (启发式 66,822) | 947 步/秒
  第  8500 局 | 近 25 局平均积分   25,118 最高   28,432 | 全程最高   35,337 (启发式 66,822) | 947 步/秒
  第  8525 局 | 近 25 局平均积分   25,539 最高   29,097 | 全程最高   35,337 (启发式 66,822) | 947 步/秒
  第  8550 局 | 近 25 局平均积分   24,754 最高   30,922 | 全程最高   35,337 (启发式 66,822) | 946 步/秒
  第  8575 局 | 近 25 局平均积分   24,187 最高   30,952 | 全程最高   35,337 (启发式 66,822) | 946 步/秒
  第  8600 局 | 近 25 局平均积分   24,889 最高   28,914 | 全程最高   35,337 (启发式 66,822) | 945 步/秒
  第  8625 局 | 近 25 局平均积分   23,365 最高   28,357 | 全程最高   35,337 (启发式 66,822) | 945 步/秒
  第  8650 局 | 近 25 局平均积分   25,391 最高   31,277 | 全程最高   35,337 (启发式 66,822) | 945 步/秒
  第  8675 局 | 近 25 局平均积分   22,733 最高   30,627 | 全程最高   35,337 (启发式 66,822) | 944 步/秒
  第  8700 局 | 近 25 局平均积分   25,357 最高   30,627 | 全程最高   35,337 (启发式 66,822) | 944 步/秒
  第  8725 局 | 近 25 局平均积分   25,541 最高   28,322 | 全程最高   35,337 (启发式 66,822) | 944 步/秒
  第  8750 局 | 近 25 局平均积分   25,374 最高   28,322 | 全程最高   35,337 (启发式 66,822) | 943 步/秒
  第  8775 局 | 近 25 局平均积分   25,310 最高   26,382 | 全程最高   35,337 (启发式 66,822) | 943 步/秒
  第  8800 局 | 近 25 局平均积分   26,041 最高   30,627 | 全程最高   35,337 (启发式 66,822) | 943 步/秒
  第  8825 局 | 近 25 局平均积分   25,674 最高   30,902 | 全程最高   35,337 (启发式 66,822) | 942 步/秒
  第  8850 局 | 近 25 局平均积分   26,287 最高   28,832 | 全程最高   35,337 (启发式 66,822) | 942 步/秒
  第  8875 局 | 近 25 局平均积分   26,074 最高   28,651 | 全程最高   35,337 (启发式 66,822) | 939 步/秒
  第  8900 局 | 近 25 局平均积分   26,151 最高   28,507 | 全程最高   35,337 (启发式 66,822) | 936 步/秒
  第  8925 局 | 近 25 局平均积分   25,402 最高   28,822 | 全程最高   35,337 (启发式 66,822) | 933 步/秒
  第  8950 局 | 近 25 局平均积分   26,418 最高   28,881 | 全程最高   35,337 (启发式 66,822) | 931 步/秒
  第  8975 局 | 近 25 局平均积分   25,726 最高   28,432 | 全程最高   35,337 (启发式 66,822) | 928 步/秒
  第  9000 局 | 近 25 局平均积分   23,673 最高   28,502 | 全程最高   35,337 (启发式 66,822) | 925 步/秒
  第  9025 局 | 近 25 局平均积分   25,254 最高   29,972 | 全程最高   35,337 (启发式 66,822) | 922 步/秒
  第  9050 局 | 近 25 局平均积分   24,413 最高   28,597 | 全程最高   35,337 (启发式 66,822) | 920 步/秒
  第  9075 局 | 近 25 局平均积分   25,584 最高   29,377 | 全程最高   35,337 (启发式 66,822) | 917 步/秒
  第  9100 局 | 近 25 局平均积分   25,629 最高   29,202 | 全程最高   35,337 (启发式 66,822) | 914 步/秒
  第  9125 局 | 近 25 局平均积分   25,774 最高   29,482 | 全程最高   35,337 (启发式 66,822) | 911 步/秒
  第  9150 局 | 近 25 局平均积分   24,142 最高   26,892 | 全程最高   35,337 (启发式 66,822) | 909 步/秒
  第  9175 局 | 近 25 局平均积分   24,590 最高   26,652 | 全程最高   35,337 (启发式 66,822) | 906 步/秒
  第  9200 局 | 近 25 局平均积分   25,284 最高   28,472 | 全程最高   35,337 (启发式 66,822) | 903 步/秒
  第  9225 局 | 近 25 局平均积分   25,437 最高   28,617 | 全程最高   35,337 (启发式 66,822) | 901 步/秒
  第  9250 局 | 近 25 局平均积分   25,605 最高   28,987 | 全程最高   35,337 (启发式 66,822) | 898 步/秒
  第  9275 局 | 近 25 局平均积分   26,230 最高   28,602 | 全程最高   35,337 (启发式 66,822) | 895 步/秒
  第  9300 局 | 近 25 局平均积分   26,838 最高   30,917 | 全程最高   35,337 (启发式 66,822) | 893 步/秒
  第  9325 局 | 近 25 局平均积分   25,456 最高   28,357 | 全程最高   35,337 (启发式 66,822) | 890 步/秒
  第  9350 局 | 近 25 局平均积分   25,939 最高   26,387 | 全程最高   35,337 (启发式 66,822) | 888 步/秒
  第  9375 局 | 近 25 局平均积分   24,622 最高   27,366 | 全程最高   35,337 (启发式 66,822) | 886 步/秒
  第  9400 局 | 近 25 局平均积分   26,018 最高   30,587 | 全程最高   35,337 (启发式 66,822) | 883 步/秒
  第  9425 局 | 近 25 局平均积分   25,321 最高   30,052 | 全程最高   35,337 (启发式 66,822) | 881 步/秒
  第  9450 局 | 近 25 局平均积分   24,862 最高   29,227 | 全程最高   35,337 (启发式 66,822) | 878 步/秒
  第  9475 局 | 近 25 局平均积分   25,176 最高   29,532 | 全程最高   35,337 (启发式 66,822) | 876 步/秒
  第  9500 局 | 近 25 局平均积分   24,702 最高   28,657 | 全程最高   35,337 (启发式 66,822) | 873 步/秒
  第  9525 局 | 近 25 局平均积分   25,217 最高   27,607 | 全程最高   35,337 (启发式 66,822) | 871 步/秒
  第  9550 局 | 近 25 局平均积分   24,900 最高   28,417 | 全程最高   35,337 (启发式 66,822) | 869 步/秒
  第  9575 局 | 近 25 局平均积分   25,255 最高   29,100 | 全程最高   35,337 (启发式 66,822) | 866 步/秒
  第  9600 局 | 近 25 局平均积分   25,318 最高   29,612 | 全程最高   35,337 (启发式 66,822) | 864 步/秒
  第  9625 局 | 近 25 局平均积分   24,456 最高   28,562 | 全程最高   35,337 (启发式 66,822) | 862 步/秒
  第  9650 局 | 近 25 局平均积分   24,441 最高   29,656 | 全程最高   35,337 (启发式 66,822) | 860 步/秒
  第  9675 局 | 近 25 局平均积分   25,664 最高   29,697 | 全程最高   35,337 (启发式 66,822) | 858 步/秒
  第  9700 局 | 近 25 局平均积分   26,066 最高   28,537 | 全程最高   35,337 (启发式 66,822) | 855 步/秒
  第  9725 局 | 近 25 局平均积分   24,397 最高   29,152 | 全程最高   35,337 (启发式 66,822) | 853 步/秒
  第  9750 局 | 近 25 局平均积分   22,492 最高   26,467 | 全程最高   35,337 (启发式 66,822) | 851 步/秒
  第  9775 局 | 近 25 局平均积分   24,636 最高   27,962 | 全程最高   35,337 (启发式 66,822) | 849 步/秒
  第  9800 局 | 近 25 局平均积分   23,471 最高   27,527 | 全程最高   35,337 (启发式 66,822) | 848 步/秒
  第  9825 局 | 近 25 局平均积分   23,829 最高   29,841 | 全程最高   35,337 (启发式 66,822) | 846 步/秒
  第  9850 局 | 近 25 局平均积分   26,374 最高   30,537 | 全程最高   35,337 (启发式 66,822) | 843 步/秒
  第  9875 局 | 近 25 局平均积分   24,627 最高   29,531 | 全程最高   35,337 (启发式 66,822) | 842 步/秒
  第  9900 局 | 近 25 局平均积分   25,861 最高   28,987 | 全程最高   35,337 (启发式 66,822) | 839 步/秒
  第  9925 局 | 近 25 局平均积分   26,504 最高   29,541 | 全程最高   35,337 (启发式 66,822) | 837 步/秒
  第  9950 局 | 近 25 局平均积分   26,073 最高   29,502 | 全程最高   35,337 (启发式 66,822) | 835 步/秒
  第  9975 局 | 近 25 局平均积分   25,032 最高   28,357 | 全程最高   35,337 (启发式 66,822) | 833 步/秒
  第 10000 局 | 近 25 局平均积分   24,422 最高   28,322 | 全程最高   35,337 (启发式 66,822) | 832 步/秒
已存模型: rl/ppo_masked_model.zip
最好一局: 第 7190 局, 游戏积分 35,337, 占领 470, 结束于 day 97
