第一步: DAgger 监督预训练(模仿学习, 不是强化学习)
   第 0 轮 | 累计   1561 条 | 模仿 95.8% | 实跑 day  1    7,880 分
   第 1 轮 | 累计   3504 条 | 模仿 98.7% | 实跑 day  1    8,125 分
   第 2 轮 | 累计   6721 条 | 模仿 99.8% | 实跑 day 58   44,220 分
   第 3 轮 | 累计  12721 条 | 模仿 100.0% | 实跑 day 97   65,114 分
   起点路线已存: rl_best_route_day97.json (65,114 分), 之后只有超过它才会覆盖

第二步: 强化学习微调 5000 局 (基准: 贪心 66,822 / 人工 70,558)
   *** 新纪录 65,154 分 (占领 1121, day 97) -> 已存 rl_best_route_day97.json
   *** 新纪录 66,000 分 (占领 1107, day 97) -> 已存 rl_best_route_day97.json
   第   25/5000 局 | 近 25 局均   56,557 最高   66,000 | 全程最高   66,000 | 9.8 局/分 | 预计还需 8.5 小时
   *** 新纪录 66,019 分 (占领 1110, day 97) -> 已存 rl_best_route_day97.json
   第   50/5000 局 | 近 25 局均   52,957 最高   66,019 | 全程最高   66,019 | 10.0 局/分 | 预计还需 8.2 小时
   *** 新纪录 66,094 分 (占领 1107, day 97) -> 已存 rl_best_route_day97.json
   第   75/5000 局 | 近 25 局均   55,881 最高   66,094 | 全程最高   66,094 | 9.9 局/分 | 预计还需 8.3 小时
   第  100/5000 局 | 近 25 局均   51,229 最高   65,239 | 全程最高   66,094 | 10.1 局/分 | 预计还需 8.1 小时
   第  125/5000 局 | 近 25 局均   50,847 最高   66,019 | 全程最高   66,094 | 10.1 局/分 | 预计还需 8.0 小时
   第  150/5000 局 | 近 25 局均   53,289 最高   65,969 | 全程最高   66,094 | 10.1 局/分 | 预计还需 8.0 小时
   第  175/5000 局 | 近 25 局均   55,432 最高   65,989 | 全程最高   66,094 | 10.1 局/分 | 预计还需 7.9 小时
   *** 新纪录 66,144 分 (占领 1109, day 97) -> 已存 rl_best_route_day97.json
   第  200/5000 局 | 近 25 局均   56,723 最高   66,144 | 全程最高   66,144 | 10.1 局/分 | 预计还需 7.9 小时
   第  225/5000 局 | 近 25 局均   49,655 最高   66,105 | 全程最高   66,144 | 10.2 局/分 | 预计还需 7.8 小时
   第  250/5000 局 | 近 25 局均   30,592 最高   66,069 | 全程最高   66,144 | 10.5 局/分 | 预计还需 7.5 小时
   *** 新纪录 66,280 分 (占领 1096, day 97) -> 已存 rl_best_route_day97.json
   第  275/5000 局 | 近 25 局均   46,635 最高   66,280 | 全程最高   66,280 | 10.4 局/分 | 预计还需 7.6 小时
   第  300/5000 局 | 近 25 局均   51,502 最高   65,814 | 全程最高   66,280 | 10.2 局/分 | 预计还需 7.7 小时
   第  325/5000 局 | 近 25 局均   55,574 最高   66,229 | 全程最高   66,280 | 9.9 局/分 | 预计还需 7.8 小时
