第一步: DAgger 监督预训练(模仿学习, 不是强化学习)
   第 0 轮 | 累计   1697 条 | 模仿 92.6% | 实跑 day 25   22,860 分
   第 1 轮 | 累计   3397 条 | 模仿 96.3% | 实跑 day 26   24,500 分
   第 2 轮 | 累计   9397 条 | 模仿 98.9% | 实跑 day 35   31,376 分
   第 3 轮 | 累计  15397 条 | 模仿 99.6% | 实跑 day 91   59,972 分
   第 4 轮 | 累计  21397 条 | 模仿 99.9% | 实跑 day 39   34,115 分
   第 5 轮 | 累计  27397 条 | 模仿 99.9% | 实跑 day 44   38,112 分
   第 6 轮 | 累计  33397 条 | 模仿 99.8% | 实跑 day 51   41,027 分
   第 7 轮 | 累计  39397 条 | 模仿 99.9% | 实跑 day 89   58,547 分
   第 8 轮 | 累计  45397 条 | 模仿 99.9% | 实跑 day 45   37,607 分
   第 9 轮 | 累计  51397 条 | 模仿 99.9% | 实跑 day 97   67,742 分
   起点路线已存: rl_day25_best.json (67,742 分), 之后只有超过它才会覆盖

第二步: 强化学习微调 5000 局 (基准: 贪心 70,558 / 人工 70,558)
   *** 新纪录 67,752 分 (占领 1141, day 97) -> 已存 rl_day25_best.json
   *** 新纪录 67,757 分 (占领 1139, day 97) -> 已存 rl_day25_best.json
   *** 新纪录 67,842 分 (占领 1135, day 97) -> 已存 rl_day25_best.json
   第   25/5000 局 | 近 25 局均   55,464 最高   67,842 | 全程最高   67,842 | 10.2 局/分 | 预计还需 8.1 小时
   *** 新纪录 67,997 分 (占领 1134, day 97) -> 已存 rl_day25_best.json
   第   50/5000 局 | 近 25 局均   53,145 最高   67,997 | 全程最高   67,997 | 10.6 局/分 | 预计还需 7.8 小时
   第   75/5000 局 | 近 25 局均   50,748 最高   67,872 | 全程最高   67,997 | 11.3 局/分 | 预计还需 7.3 小时
   第  100/5000 局 | 近 25 局均   53,191 最高   67,922 | 全程最高   67,997 | 11.4 局/分 | 预计还需 7.2 小时
   第  125/5000 局 | 近 25 局均   54,546 最高   67,837 | 全程最高   67,997 | 11.5 局/分 | 预计还需 7.0 小时
   第  150/5000 局 | 近 25 局均   57,869 最高   67,937 | 全程最高   67,997 | 11.1 局/分 | 预计还需 7.3 小时
   第  175/5000 局 | 近 25 局均   63,130 最高   67,802 | 全程最高   67,997 | 10.1 局/分 | 预计还需 8.0 小时
   第  200/5000 局 | 近 25 局均   59,457 最高   67,937 | 全程最高   67,997 | 9.4 局/分 | 预计还需 8.5 小时
   *** 新纪录 68,032 分 (占领 1133, day 97) -> 已存 rl_day25_best.json
